
> alikhlas2026@0.1.0 build
> next build

▲ Next.js 16.1.2 (Turbopack)
- Environments: .env.local

  Creating an optimized production build ...
✓ Compiled successfully in 8.8s
  Running TypeScript ...
  Collecting page data using 11 workers ...
  Generating static pages using 11 workers (0/10) ...
  Generating static pages using 11 workers (2/10) 
  Generating static pages using 11 workers (4/10) 
  Generating static pages using 11 workers (7/10) 
✓ Generating static pages using 11 workers (10/10) in 1095.7ms
  Finalizing page optimization ...

Route (app)
┌ ○ /
├ ○ /_not-found
├ ○ /admin/login
├ ○ /galeri
├ ○ /info
├ ○ /lain-lain
├ ○ /pemulasaraan
└ ○ /tentang


○  (Static)  prerendered as static content

